// Jest Snapshot v1, https://goo.gl/fbAQLP

exports[`Indecision.vue should match snapshot 1`] = `
<!--v-if-->
<div class=""></div>
<div class="indecision-container"><input type="text" placeholder="Ask me a question">
  <p>Remember to end with a question mark (?)</p>
  <!--v-if-->
</div>
`;
